2026-09-26T13:07:11.222832Z INFO tbh.local.host fbcode/musecode/build/src/crates/cli/src/main/local_tracing.rs:149 event="session.bind" host="cli" mode="tui"
2026-09-26T13:07:11.226314Z INFO tbh.local.security fbcode/musecode/build/src/crates/config/src/credential_provider/diagnostic.rs:13 event="credential.status" provider="meta" source="stored" available=true login_present=false masks_login=false duration_ms=3
2026-09-26T13:07:11.230064Z INFO tbh.local.catalog fbcode/musecode/build/src/crates/model/src/catalog/diagnostic.rs:58 event="model_catalog.normalize" outcome="ready" reason="none" source="provider" examined_rows=4 output_rows=4 ignored_hidden_rows=0 conflicts=0 rejected_rows=0 duration_ms=0
2026-09-26T13:07:11.230074Z INFO tbh.local.catalog fbcode/musecode/build/src/crates/config/src/model_catalog_diagnostics.rs:39 event="model_catalog.cache_load" state="available" row_count=4 duration_ms=0
2026-09-26T13:07:11.232492Z INFO tbh.local.security fbcode/musecode/build/src/crates/config/src/endpoint_transport/diagnostic.rs:20 event="endpoint_transport.resolve" outcome="selected" transport="default" auth="bearer" api_key_present=true reason="none" duration_ms=0
2026-09-26T13:07:11.232614Z INFO tbh.local.catalog fbcode/musecode/build/src/crates/model/src/catalog/diagnostic.rs:58 event="model_catalog.normalize" outcome="ready" reason="none" source="provider" examined_rows=4 output_rows=4 ignored_hidden_rows=0 conflicts=0 rejected_rows=0 duration_ms=0
2026-09-26T13:07:11.232619Z INFO tbh.local.catalog fbcode/musecode/build/src/crates/config/src/model_catalog_diagnostics.rs:22 event="model_catalog.compose" outcome="composed" source="provider" bundled_rows=0 network_rows=4 config_rows=0 accepted_config_rows=0 rejected_config_rows=0 conflicts=0 output_rows=4 duration_ms=0
2026-09-26T13:07:11.232730Z INFO tbh.local.provider fbcode/musecode/build/src/crates/plugins/meta-model-provider/src/meta/client/diagnostic.rs:55 event="provider_transport.build" provider="meta" outcome="ready" reason="none" endpoint="default" search_endpoint="inherited" transport="direct" auth="bearer" api_key_present=false token_source_present=true duration_us=78
2026-09-26T13:07:11.265443Z INFO tbh.local.catalog fbcode/musecode/build/src/crates/config/src/rules/diagnostic.rs:51 event="rules.context_load" outcome="ready" reason="none" sources=1 user_sources=1 project_sources=0 foreign_sources=1 skipped_oversize=0 skipped_untrusted=0 authorization_blocks=1 rendered_bytes=2319 duration_ms=0
2026-09-26T13:07:11.266932Z INFO tbh.local.catalog fbcode/musecode/build/src/crates/config/src/skills/diagnostic.rs:37 event="skills.catalog_load" outcome="ready" reason="none" skills=2 user_skills=1 project_skills=1 diagnostics=0 invalid=0 untrusted=0 shadowed=0 marker_invalid=0 duration_ms=1
2026-09-26T13:07:11.269916Z INFO tbh.local.hook fbcode/musecode/build/src/crates/config/src/hooks/diagnostics.rs:48 event="hook.admission" outcome="empty" handlers=0 runnable=0 inactive=0 diagnostics=0 advisories=0 duration_ms=0
2026-09-26T13:07:11.270548Z INFO tbh.local.session fbcode/musecode/build/src/crates/agent/src/runtime/session_runtime_log_open/diagnostic.rs:53 event="session.log.replay" session_id="b73a2fc8-961d-45fa-af7e-3a9e4b881489" replay_mode="origin" outcome="completed" reason="origin_replayed" record_count=0 source_complete=true duration_ms=0
2026-09-26T13:07:11.270555Z INFO tbh.local.session fbcode/musecode/build/src/crates/agent/src/runtime/session_runtime_log_open/diagnostic.rs:79 event="session.log.checkpoint" session_id="b73a2fc8-961d-45fa-af7e-3a9e4b881489" outcome="skipped" reason="not_selected" record_count=0 source_complete=true
2026-09-26T13:07:11.270565Z INFO tbh.local.session fbcode/musecode/build/src/crates/agent/src/runtime/session_runtime_log_open/diagnostic.rs:31 event="session.log.runtime_open" session_id="b73a2fc8-961d-45fa-af7e-3a9e4b881489" replay_mode="origin" outcome="ready" reason="opened" duration_ms=0
2026-09-26T13:07:11.298974Z INFO tbh.local.security fbcode/musecode/build/src/crates/tui/src/startup/approval_judge_setup/diagnostic.rs:22 event="approval_reviewer.resolve" outcome="enabled" reason="none" duration_ms=28
2026-09-26T13:07:11.299415Z INFO tbh.local.catalog fbcode/musecode/build/src/crates/config/src/workflows/diagnostic.rs:32 event="named_workflow.catalog_load" outcome="empty" reason="none" entries=0 project_entries=0 user_entries=0 diagnostics=0 shadowed=0 near_miss=0 oversize=0 invalid_name=0 not_file=0 untrusted=0 unreadable=0 duration_ms=0
2026-09-26T13:07:11.299456Z INFO tbh.local.security fbcode/musecode/build/src/crates/tui/src/startup/security_mode.rs:221 event="security_mode.resolve" outcome="selected" approval="normal" sandbox="disabled" effective_mode="sandbox_disabled"
2026-09-26T13:07:11.399427Z INFO tbh.local.security fbcode/musecode/build/src/crates/config/src/credential_provider/diagnostic.rs:13 event="credential.status" provider="meta" source="stored" available=true login_present=false masks_login=false duration_ms=2
2026-09-26T13:07:11.399438Z INFO tbh.local.security fbcode/musecode/build/src/crates/config/src/endpoint_transport/diagnostic.rs:20 event="endpoint_transport.resolve" outcome="selected" transport="default" auth="bearer" api_key_present=true reason="none" duration_ms=0
2026-09-26T13:07:11.402046Z INFO tbh.local.security fbcode/musecode/build/src/crates/config/src/credential_provider/diagnostic.rs:13 event="credential.status" provider="meta" source="stored" available=true login_present=false masks_login=false duration_ms=2
2026-09-26T13:07:11.402260Z INFO tbh.local.provider fbcode/musecode/build/src/crates/plugins/meta-model-provider/src/meta/client/diagnostic.rs:55 event="provider_transport.build" provider="meta" outcome="ready" reason="none" endpoint="default" search_endpoint="inherited" transport="direct" auth="bearer" api_key_present=false token_source_present=true duration_us=43
2026-09-26T13:07:11.402369Z INFO tbh.local.session fbcode/musecode/build/src/crates/tui/src/session_handoff/diagnostic.rs:111 event="session.operation" operation="create" outcome="ready" reason="startup_completed" source_session_id="none" target_session_id="01a0ddd3-a8a8-70c1-ad3c-63f81dcabea5"
2026-09-26T13:07:11.420978Z INFO tbh.local.startup fbcode/musecode/build/src/crates/agent/src/runtime_startup_phases.rs:354 event="startup.phase" phase="terminal_probe" start_ms=4 end_ms=5 duration_ms=1
2026-09-26T13:07:11.420987Z INFO tbh.local.startup fbcode/musecode/build/src/crates/agent/src/runtime_startup_phases.rs:354 event="startup.phase" phase="session_open" start_ms=83 end_ms=89 duration_ms=6
2026-09-26T13:07:11.420988Z INFO tbh.local.startup fbcode/musecode/build/src/crates/agent/src/runtime_startup_phases.rs:354 event="startup.phase" phase="runtime_init" start_ms=90 end_ms=263 duration_ms=173
2026-09-26T13:07:11.420990Z INFO tbh.local.startup fbcode/musecode/build/src/crates/agent/src/runtime_startup_phases.rs:354 event="startup.phase" phase="first_frame" start_ms=286 end_ms=287 duration_ms=1
2026-09-26T13:07:11.420991Z INFO tbh.local.startup fbcode/musecode/build/src/crates/agent/src/runtime_startup_phases.rs:354 event="startup.phase" phase="input_ready" start_ms=0 end_ms=288 duration_ms=288
2026-09-26T13:07:11.619166Z INFO tbh.local.catalog fbcode/musecode/build/src/crates/model/src/catalog/diagnostic.rs:58 event="model_catalog.normalize" outcome="ready" reason="none" source="provider" examined_rows=4 output_rows=4 ignored_hidden_rows=0 conflicts=0 rejected_rows=0 duration_ms=0
2026-09-26T13:07:11.619171Z INFO tbh.local.catalog fbcode/musecode/build/src/crates/config/src/model_catalog_diagnostics.rs:22 event="model_catalog.compose" outcome="composed" source="provider" bundled_rows=0 network_rows=4 config_rows=0 accepted_config_rows=0 rejected_config_rows=0 conflicts=0 output_rows=4 duration_ms=0
