sha256:9266e44e1fe8899ca427838cbd509eeb4c93e99c8c967562c67939ca95085bfe
sha256:6579ed36b4766cfe5f760d73065999efbc5c189fa6aebd9f66375094ae984eab
{
  "provider_key_absent": true,
  "ledger_absent": true,
  "docker_socket_absent": true,
  "direct_egress_blocked_api.meta.ai": true,
  "direct_egress_blocked_1.1.1.1": true,
  "wrong_model_blocked": true,
  "alternate_endpoint_blocked": true,
  "cap_survives_service_restart": true,
  "request_blocked_before_provider": true,
  "private_network": true,
  "no_host_bind_mounts": true,
  "no_published_ports": true,
  "launcher_exit_zero": true,
  "receipt_records_image": true,
  "receipt_records_outcome": true,
  "guest_installed_wheel": true,
  "guest_read_staged_input": true,
  "guest_image_locked": true,
  "workspaces_independent": true,
  "run_tokens_scoped_per_run": true,
  "guest_metadata_blocked": true,
  "guest_public_dns_blocked": true,
  "timeout_kills_and_releases": true,
  "unsafe_network_host_refused": true,
  "unsafe_network_bridge_refused": true,
  "colon_stage_split": true,
  "unreachable_stage_refused": true,
  "scanner_flags_exported_leak": true,
  "launcher_imports_nothing": true,
  "pid_namespace_small": true,
  "cgroup_locked": true,
  "no_docker_cli": true,
  "blocked_10.0.0.1": true,
  "blocked_192.168.1.1": true,
  "blocked_fe80::1": true,
  "pids_limit_enforced": true,
  "egress_probe_detects_open_network": true,
  "minted_token_valid": true,
  "revoke_token": true,
  "revoked_token_rejected": true,
  "expired_token_rejected": true,
  "preflight_reports_unknown": true,
  "source_checkout_untouched": true
}
