sha256:264db53c2653eddca13254ceef10d08fe45df8f2eebc49e99e51e78d2c260d42
sha256:e9277005a41f3c63c1e29feaaf9d62714dd3a82dd87b94ad483117b46aa37b84
{
  "provider_key_absent": true,
  "ledger_absent": true,
  "docker_socket_absent": true,
  "direct_egress_blocked_api.meta.ai": true,
  "direct_egress_blocked_1.1.1.1": true,
  "wrong_model_blocked": true,
  "alternate_endpoint_blocked": true,
  "cap_survives_service_restart": true,
  "request_blocked_before_provider": true,
  "private_network": true,
  "no_host_bind_mounts": true,
  "no_published_ports": true,
  "launcher_exit_zero": true,
  "receipt_records_image": true,
  "receipt_records_outcome": true,
  "guest_installed_wheel": true,
  "guest_read_staged_input": true,
  "guest_image_locked": true,
  "workspaces_independent": true,
  "run_tokens_scoped_per_run": true,
  "guest_metadata_blocked": true,
  "guest_public_dns_blocked": true,
  "timeout_kills_and_releases": true,
  "unsafe_network_host_refused": true,
  "unsafe_network_bridge_refused": true,
  "colon_stage_split": true,
  "unreachable_stage_refused": true,
  "scanner_flags_exported_leak": true,
  "launcher_imports_nothing": true,
  "guest_marker_injected_by_launcher": true,
  "guest_workspace_is_git_repo": true,
  "console_log_captured": true,
  "image_bakes_no_role_marker": true,
  "pid_namespace_small": true,
  "cgroup_locked": true,
  "no_docker_cli": true,
  "blocked_10.0.0.1": true,
  "blocked_192.168.1.1": true,
  "blocked_fe80::1": true,
  "pids_limit_enforced": true,
  "egress_probe_detects_open_network": true,
  "minted_token_valid": true,
  "revoke_token": true,
  "revoked_token_rejected": true,
  "expired_token_rejected": true,
  "preflight_reports_unknown": true,
  "source_checkout_untouched": true
}
